// Jest Snapshot v1, https://goo.gl/fbAQLP

exports[`renders correctly 1`] = `
<View>
  <Modal
    animationType="slide"
    hardwareAccelerated={false}
    onRequestClose={[Function]}
    transparent={false}
    visible={true}
  >
    <View
      style={
        Object {
          "flex": 2,
          "flexGrow": 1,
          "justifyContent": "center",
        }
      }
    >
      <View>
        <Image
          source={
            Object {
              "testUri": "../../../icon.png",
            }
          }
          style={
            Object {
              "borderRadius": 20,
              "height": 262.5,
              "marginBottom": 20,
              "transform": Array [
                Object {
                  "translateX": 243.75,
                },
              ],
              "width": 262.5,
            }
          }
        />
        <TextInput
          allowFontScaling={true}
          onChangeText={[Function]}
          style={
            Object {
              "borderColor": "black",
              "borderWidth": 2,
              "fontSize": 22,
              "height": 40,
              "marginBottom": 20,
              "textAlign": "center",
              "transform": Array [
                Object {
                  "translateX": 112.5,
                },
              ],
              "width": 525,
            }
          }
          underlineColorAndroid="transparent"
          value=""
        />
        <TextInput
          allowFontScaling={true}
          onChangeText={[Function]}
          secureTextEntry={true}
          style={
            Object {
              "borderColor": "black",
              "borderWidth": 2,
              "fontSize": 22,
              "height": 40,
              "marginBottom": 20,
              "textAlign": "center",
              "transform": Array [
                Object {
                  "translateX": 112.5,
                },
              ],
              "width": 525,
            }
          }
          underlineColorAndroid="transparent"
          value=""
        />
        <View
          style={
            Object {
              "backgroundColor": "transparent",
              "borderColor": "black",
              "borderRadius": 20,
              "borderStyle": "solid",
              "borderWidth": 2,
              "elevation": 0,
              "fontSize": 13,
              "left": 375,
              "marginTop": 6.67,
              "minWidth": 64,
              "shadowColor": "#000000",
              "shadowOffset": Object {
                "height": 0,
                "width": 0,
              },
              "shadowOpacity": 0.24,
              "shadowRadius": 0,
              "transform": Array [
                Object {
                  "translateX": -150,
                },
              ],
              "width": 300,
            }
          }
        >
          <View
            accessibilityRole="button"
            accessible={true}
            isTVSelectable={true}
            onResponderGrant={[Function]}
            onResponderMove={[Function]}
            onResponderRelease={[Function]}
            onResponderTerminate={[Function]}
            onResponderTerminationRequest={[Function]}
            onStartShouldSetResponder={[Function]}
            style={
              Array [
                Object {
                  "overflow": "hidden",
                },
                Object {
                  "borderRadius": 4,
                },
              ]
            }
          >
            <View
              style={
                Array [
                  Object {
                    "alignItems": "center",
                    "flexDirection": "row",
                    "justifyContent": "center",
                  },
                  undefined,
                ]
              }
            >
              <Text
                numberOfLines={1}
                style={
                  Array [
                    Object {
                      "color": "#000000",
                      "fontFamily": "Helvetica Neue",
                      "textAlign": "left",
                      "writingDirection": "ltr",
                    },
                    Array [
                      Object {
                        "letterSpacing": 1,
                        "marginHorizontal": 16,
                        "marginVertical": 9,
                        "textAlign": "center",
                      },
                      undefined,
                      Object {
                        "color": "black",
                        "fontFamily": "HelveticaNeue-Medium",
                      },
                      Object {
                        "fontFamily": "HelveticaNeue-Medium",
                      },
                    ],
                  ]
                }
              >
                GITHUB LOGIN
              </Text>
            </View>
          </View>
        </View>
      </View>
    </View>
  </Modal>
</View>
`;
