// Jest Snapshot v1, https://goo.gl/fbAQLP

exports[`renders correctly 1`] = `
<RCTScrollView
  style={
    Object {
      "backgroundColor": "#F6F8FA",
      "flex": 2,
      "flexGrow": 1,
    }
  }
>
  <View>
    <Text
      style={
        Array [
          Object {
            "color": "#000000",
            "fontFamily": "Helvetica Neue",
            "textAlign": "left",
            "writingDirection": "ltr",
          },
          Object {
            "fontSize": 22,
            "fontWeight": "bold",
            "marginTop": 106.72,
            "textAlign": "center",
          },
        ]
      }
    >
      
    </Text>
    <Text
      style={
        Array [
          Object {
            "color": "#000000",
            "fontFamily": "Helvetica Neue",
            "textAlign": "left",
            "writingDirection": "ltr",
          },
          Object {
            "color": "#4f4f4f",
            "fontSize": 19,
            "marginTop": 10.672,
            "textAlign": "center",
          },
        ]
      }
    >
      
    </Text>
    <View
      style={
        Object {
          "backgroundColor": "transparent",
          "borderColor": "transparent",
          "borderRadius": 4,
          "borderStyle": "solid",
          "borderWidth": 0,
          "color": "black",
          "elevation": 0,
          "fontSize": 13,
          "minWidth": 64,
          "shadowColor": "#000000",
          "shadowOffset": Object {
            "height": 0,
            "width": 0,
          },
          "shadowOpacity": 0.24,
          "shadowRadius": 0,
        }
      }
    >
      <View
        accessibilityRole="button"
        accessible={true}
        isTVSelectable={true}
        onResponderGrant={[Function]}
        onResponderMove={[Function]}
        onResponderRelease={[Function]}
        onResponderTerminate={[Function]}
        onResponderTerminationRequest={[Function]}
        onStartShouldSetResponder={[Function]}
        style={
          Array [
            Object {
              "overflow": "hidden",
            },
            Object {
              "borderRadius": 4,
            },
          ]
        }
      >
        <View
          style={
            Array [
              Object {
                "alignItems": "center",
                "flexDirection": "row",
                "justifyContent": "center",
              },
              undefined,
            ]
          }
        >
          <Text
            numberOfLines={1}
            style={
              Array [
                Object {
                  "color": "#000000",
                  "fontFamily": "Helvetica Neue",
                  "textAlign": "left",
                  "writingDirection": "ltr",
                },
                Array [
                  Object {
                    "letterSpacing": 1,
                    "marginHorizontal": 16,
                    "marginVertical": 9,
                    "textAlign": "center",
                  },
                  undefined,
                  Object {
                    "color": "#4f4f4f",
                    "fontFamily": "HelveticaNeue-Medium",
                  },
                  Object {
                    "fontFamily": "HelveticaNeue-Medium",
                  },
                ],
              ]
            }
          >
            
          </Text>
        </View>
      </View>
    </View>
    <View
      style={
        Object {
          "backgroundColor": "transparent",
          "borderColor": "transparent",
          "borderRadius": 4,
          "borderStyle": "solid",
          "borderWidth": 0,
          "color": "black",
          "elevation": 0,
          "fontSize": 13,
          "minWidth": 64,
          "shadowColor": "#000000",
          "shadowOffset": Object {
            "height": 0,
            "width": 0,
          },
          "shadowOpacity": 0.24,
          "shadowRadius": 0,
        }
      }
    >
      <View
        accessibilityRole="button"
        accessible={true}
        isTVSelectable={true}
        onResponderGrant={[Function]}
        onResponderMove={[Function]}
        onResponderRelease={[Function]}
        onResponderTerminate={[Function]}
        onResponderTerminationRequest={[Function]}
        onStartShouldSetResponder={[Function]}
        style={
          Array [
            Object {
              "overflow": "hidden",
            },
            Object {
              "borderRadius": 4,
            },
          ]
        }
      >
        <View
          style={
            Array [
              Object {
                "alignItems": "center",
                "flexDirection": "row",
                "justifyContent": "center",
              },
              undefined,
            ]
          }
        >
          <Text
            numberOfLines={1}
            style={
              Array [
                Object {
                  "color": "#000000",
                  "fontFamily": "Helvetica Neue",
                  "textAlign": "left",
                  "writingDirection": "ltr",
                },
                Array [
                  Object {
                    "letterSpacing": 1,
                    "marginHorizontal": 16,
                    "marginVertical": 9,
                    "textAlign": "center",
                  },
                  undefined,
                  Object {
                    "color": "black",
                    "fontFamily": "HelveticaNeue-Medium",
                  },
                  Object {
                    "fontFamily": "HelveticaNeue-Medium",
                  },
                ],
              ]
            }
          >
            
          </Text>
        </View>
      </View>
    </View>
    <Image
      source={
        Object {
          "uri": "",
        }
      }
      style={
        Object {
          "borderRadius": 20,
          "height": 300,
          "left": 375,
          "marginTop": 13.34,
          "transform": Array [
            Object {
              "translateX": -150,
            },
          ],
          "width": 300,
        }
      }
    />
    <Text
      style={
        Array [
          Object {
            "color": "#000000",
            "fontFamily": "Helvetica Neue",
            "textAlign": "left",
            "writingDirection": "ltr",
          },
          Object {
            "fontSize": 16,
            "fontWeight": "bold",
            "marginTop": 40.019999999999996,
            "textAlign": "center",
          },
        ]
      }
    />
    <Text
      style={
        Array [
          Object {
            "color": "#000000",
            "fontFamily": "Helvetica Neue",
            "textAlign": "left",
            "writingDirection": "ltr",
          },
          Object {
            "color": "black",
            "fontSize": 18,
            "left": 375,
            "marginBottom": 40,
            "marginTop": 10,
            "textAlign": "center",
            "transform": Array [
              Object {
                "translateX": -300,
              },
            ],
            "width": 600,
          },
        ]
      }
    >
      
    </Text>
    <View
      style={
        Object {
          "backgroundColor": "transparent",
          "borderColor": "black",
          "borderRadius": 20,
          "borderStyle": "solid",
          "borderWidth": 1,
          "elevation": 0,
          "fontSize": 12,
          "left": 375,
          "marginBottom": 20,
          "marginTop": -33.35,
          "minWidth": 64,
          "shadowColor": "#000000",
          "shadowOffset": Object {
            "height": 0,
            "width": 0,
          },
          "shadowOpacity": 0.24,
          "shadowRadius": 0,
          "transform": Array [
            Object {
              "translateX": -206.25000000000003,
            },
          ],
          "width": 412.50000000000006,
        }
      }
    >
      <View
        accessibilityRole="button"
        accessible={true}
        isTVSelectable={true}
        onResponderGrant={[Function]}
        onResponderMove={[Function]}
        onResponderRelease={[Function]}
        onResponderTerminate={[Function]}
        onResponderTerminationRequest={[Function]}
        onStartShouldSetResponder={[Function]}
        style={
          Array [
            Object {
              "overflow": "hidden",
            },
            Object {
              "borderRadius": 4,
            },
          ]
        }
      >
        <View
          style={
            Array [
              Object {
                "alignItems": "center",
                "flexDirection": "row",
                "justifyContent": "center",
              },
              undefined,
            ]
          }
        >
          <View
            style={
              Object {
                "marginLeft": 12,
                "marginRight": -4,
                "width": 16,
              }
            }
          >
            <Text
              accessibilityElementsHidden={true}
              allowFontScaling={false}
              importantForAccessibility="no-hide-descendants"
              pointerEvents="none"
              style={
                Array [
                  Object {
                    "color": "black",
                    "fontSize": 16,
                  },
                  Array [
                    Object {
                      "transform": Array [
                        Object {
                          "scaleX": 1,
                        },
                      ],
                    },
                    Object {
                      "backgroundColor": "transparent",
                    },
                  ],
                  Object {
                    "fontFamily": "Material Icons",
                    "fontStyle": "normal",
                    "fontWeight": "normal",
                  },
                  Object {},
                ]
              }
            >
              îŸ¾
            </Text>
          </View>
          <Text
            numberOfLines={1}
            style={
              Array [
                Object {
                  "color": "#000000",
                  "fontFamily": "Helvetica Neue",
                  "textAlign": "left",
                  "writingDirection": "ltr",
                },
                Array [
                  Object {
                    "letterSpacing": 1,
                    "marginHorizontal": 16,
                    "marginVertical": 9,
                    "textAlign": "center",
                  },
                  undefined,
                  Object {
                    "color": "black",
                    "fontFamily": "HelveticaNeue-Medium",
                  },
                  Object {
                    "fontFamily": "HelveticaNeue-Medium",
                  },
                ],
              ]
            }
          >
            FOLLOWERS: -1
          </Text>
        </View>
      </View>
    </View>
    <View
      style={
        Object {
          "backgroundColor": "transparent",
          "borderColor": "black",
          "borderRadius": 20,
          "borderStyle": "solid",
          "borderWidth": 1,
          "elevation": 0,
          "fontSize": 12,
          "left": 375,
          "marginBottom": 20,
          "marginTop": 0,
          "minWidth": 64,
          "shadowColor": "#000000",
          "shadowOffset": Object {
            "height": 0,
            "width": 0,
          },
          "shadowOpacity": 0.24,
          "shadowRadius": 0,
          "transform": Array [
            Object {
              "translateX": -206.25000000000003,
            },
          ],
          "width": 412.50000000000006,
        }
      }
    >
      <View
        accessibilityRole="button"
        accessible={true}
        isTVSelectable={true}
        onResponderGrant={[Function]}
        onResponderMove={[Function]}
        onResponderRelease={[Function]}
        onResponderTerminate={[Function]}
        onResponderTerminationRequest={[Function]}
        onStartShouldSetResponder={[Function]}
        style={
          Array [
            Object {
              "overflow": "hidden",
            },
            Object {
              "borderRadius": 4,
            },
          ]
        }
      >
        <View
          style={
            Array [
              Object {
                "alignItems": "center",
                "flexDirection": "row",
                "justifyContent": "center",
              },
              undefined,
            ]
          }
        >
          <View
            style={
              Object {
                "marginLeft": 12,
                "marginRight": -4,
                "width": 16,
              }
            }
          >
            <Text
              accessibilityElementsHidden={true}
              allowFontScaling={false}
              importantForAccessibility="no-hide-descendants"
              pointerEvents="none"
              style={
                Array [
                  Object {
                    "color": "black",
                    "fontSize": 16,
                  },
                  Array [
                    Object {
                      "transform": Array [
                        Object {
                          "scaleX": 1,
                        },
                      ],
                    },
                    Object {
                      "backgroundColor": "transparent",
                    },
                  ],
                  Object {
                    "fontFamily": "Material Icons",
                    "fontStyle": "normal",
                    "fontWeight": "normal",
                  },
                  Object {},
                ]
              }
            >
              îŸ½
            </Text>
          </View>
          <Text
            numberOfLines={1}
            style={
              Array [
                Object {
                  "color": "#000000",
                  "fontFamily": "Helvetica Neue",
                  "textAlign": "left",
                  "writingDirection": "ltr",
                },
                Array [
                  Object {
                    "letterSpacing": 1,
                    "marginHorizontal": 16,
                    "marginVertical": 9,
                    "textAlign": "center",
                  },
                  undefined,
                  Object {
                    "color": "black",
                    "fontFamily": "HelveticaNeue-Medium",
                  },
                  Object {
                    "fontFamily": "HelveticaNeue-Medium",
                  },
                ],
              ]
            }
          >
            FOLLOWINGS: -1
          </Text>
        </View>
      </View>
    </View>
    <View
      style={
        Object {
          "backgroundColor": "transparent",
          "borderColor": "black",
          "borderRadius": 20,
          "borderStyle": "solid",
          "borderWidth": 1,
          "elevation": 0,
          "fontSize": 12,
          "left": 375,
          "marginBottom": 20,
          "marginTop": 0,
          "minWidth": 64,
          "shadowColor": "#000000",
          "shadowOffset": Object {
            "height": 0,
            "width": 0,
          },
          "shadowOpacity": 0.24,
          "shadowRadius": 0,
          "transform": Array [
            Object {
              "translateX": -206.25000000000003,
            },
          ],
          "width": 412.50000000000006,
        }
      }
    >
      <View
        accessibilityRole="button"
        accessible={true}
        isTVSelectable={true}
        onResponderGrant={[Function]}
        onResponderMove={[Function]}
        onResponderRelease={[Function]}
        onResponderTerminate={[Function]}
        onResponderTerminationRequest={[Function]}
        onStartShouldSetResponder={[Function]}
        style={
          Array [
            Object {
              "overflow": "hidden",
            },
            Object {
              "borderRadius": 4,
            },
          ]
        }
      >
        <View
          style={
            Array [
              Object {
                "alignItems": "center",
                "flexDirection": "row",
                "justifyContent": "center",
              },
              undefined,
            ]
          }
        >
          <View
            style={
              Object {
                "marginLeft": 12,
                "marginRight": -4,
                "width": 16,
              }
            }
          >
            <Text
              accessibilityElementsHidden={true}
              allowFontScaling={false}
              importantForAccessibility="no-hide-descendants"
              pointerEvents="none"
              style={
                Array [
                  Object {
                    "color": "black",
                    "fontSize": 16,
                  },
                  Array [
                    Object {
                      "transform": Array [
                        Object {
                          "scaleX": 1,
                        },
                      ],
                    },
                    Object {
                      "backgroundColor": "transparent",
                    },
                  ],
                  Object {
                    "fontFamily": "Material Icons",
                    "fontStyle": "normal",
                    "fontWeight": "normal",
                  },
                  Object {},
                ]
              }
            >
              î‹‡
            </Text>
          </View>
          <Text
            numberOfLines={1}
            style={
              Array [
                Object {
                  "color": "#000000",
                  "fontFamily": "Helvetica Neue",
                  "textAlign": "left",
                  "writingDirection": "ltr",
                },
                Array [
                  Object {
                    "letterSpacing": 1,
                    "marginHorizontal": 16,
                    "marginVertical": 9,
                    "textAlign": "center",
                  },
                  undefined,
                  Object {
                    "color": "black",
                    "fontFamily": "HelveticaNeue-Medium",
                  },
                  Object {
                    "fontFamily": "HelveticaNeue-Medium",
                  },
                ],
              ]
            }
          >
            REPOSITORIES: 
          </Text>
        </View>
      </View>
    </View>
    <Text
      style={
        Array [
          Object {
            "color": "#000000",
            "fontFamily": "Helvetica Neue",
            "textAlign": "left",
            "writingDirection": "ltr",
          },
          Object {
            "color": "#4f4f4f",
            "fontSize": 15,
            "marginTop": 40.019999999999996,
            "textAlign": "center",
          },
        ]
      }
    >
      Created on: 
      
    </Text>
    <View
      style={
        Object {
          "height": 66.7,
        }
      }
    />
  </View>
</RCTScrollView>
`;
